{
    "-profile test": {
        "content": [
            {
                "ARCASHLA_COMBINE": {
                    "R": "unknown",
                    "jsonlite": "unknown",
                    "dplyr": "unknown",
                    "tibble": "unknown",
                    "stringr": "unknown",
                    "purrr": "unknown"
                },
                "ARCASHLA_EXTRACT": {
                    "samtools": 1.24
                },
                "ARCASHLA_GENOTYPE": {
                    "arcasHLA": "unknown"
                },
                "ARCASHLA_VALIDATE_FASTQ": {
                    "validatefastq": "0.1.1"
                },
                "HLAPM_BUILD_REF": {
                    "R": "unknown",
                    "HLApm": "unknown"
                },
                "HLAPM_COMBINE_GTF": {
                    "bash": "5.1.16(1)-release"
                },
                "HLAPM_LIST_STAR_TARGETS": {
                    "bash": "5.1.16(1)-release"
                },
                "HLAPM_PREPARE_INPUT": {
                    "python3": "3.14.6"
                },
                "HLAPM_QUANTIFY_READS": {
                    "python2": "unknown"
                },
                "HLAPM_RESOLVE_SAMPLE_ALLELES": {
                    "bash": "5.1.16(1)-release"
                },
                "HLAPM_SUMMARIZE_READCOUNTS": {
                    "R": "unknown",
                    "dplyr": "unknown",
                    "tidyr": "unknown"
                },
                "HLA_CONSENSUS": {
                    "python3": "3.14.6",
                    "pandas": "3.0.3"
                },
                "SAMTOOLS_SORT": {
                    "samtools": 1.24
                },
                "STAR_ALIGN": {
                    "gawk": "5.1.0",
                    "samtools": 1.24,
                    "star": null
                },
                "STAR_GENOMEGENERATE": {
                    "gawk": "5.1.0",
                    "samtools": 1.24,
                    "star": null
                },
                "Workflow": {
                    "nf-core/hlarnaseq": "v1.0.0dev"
                }
            },
            [
                "arcashla",
                "arcashla/arcasHLA_combined.csv",
                "arcashla/extracted",
                "arcashla/extracted/RNA_SAMPLE_1.mhc_1.fq.gz",
                "arcashla/extracted/RNA_SAMPLE_1.mhc_2.fq.gz",
                "arcashla/genotype",
                "arcashla/genotype/RNA_SAMPLE_1.genotype.json",
                "arcashla/genotype/RNA_SAMPLE_1.genotype.log",
                "arcashla/validation",
                "arcashla/validation/RNA_SAMPLE_1.validatefastq.log",
                "hla_consensus",
                "hla_consensus/hla_consensus.rna_wgs_hla_consensus.tsv",
                "hla_consensus/hla_consensus.rna_wgs_rna-hla_with_consensus.tsv",
                "hlapm",
                "hlapm/input",
                "hlapm/input/RNA_ONLY:RNA_SAMPLE_1.tsv",
                "hlapm/personalized_ref",
                "hlapm/personalized_ref/out",
                "hlapm/personalized_ref/out/RNA_ONLY:RNA_SAMPLE_1",
                "hlapm/personalized_ref/out/RNA_ONLY:RNA_SAMPLE_1/placeholder_allele.fa",
                "hlapm/personalized_ref/out/RNA_ONLY:RNA_SAMPLE_1/placeholder_allele.gtf",
                "hlapm/quantify",
                "hlapm/quantify/RNA_SAMPLE_1",
                "hlapm/quantify/RNA_SAMPLE_1/RNA_SAMPLE_1.HLA_gene_summary.tsv",
                "hlapm/quantify/RNA_SAMPLE_1/RNA_SAMPLE_1.edit_distance.tsv",
                "hlapm/quantify/RNA_SAMPLE_1/RNA_SAMPLE_1.stat.txt",
                "hlapm/quantify/combined.gtf",
                "hlapm/star_align",
                "hlapm/star_align/RNA_SAMPLE_1",
                "hlapm/star_align/RNA_SAMPLE_1/placeholder_allele__96008200",
                "hlapm/star_align/RNA_SAMPLE_1/placeholder_allele__96008200/RNA_SAMPLE_1.placeholder_allele__96008200.Aligned.sortedByCoord.out.bam",
                "hlapm/star_align/RNA_SAMPLE_1/placeholder_allele__96008200/RNA_SAMPLE_1.placeholder_allele__96008200.Aligned.unsort.out.bam",
                "hlapm/star_align/RNA_SAMPLE_1/placeholder_allele__96008200/RNA_SAMPLE_1.placeholder_allele__96008200.Chimeric.out.junction",
                "hlapm/star_align/RNA_SAMPLE_1/placeholder_allele__96008200/RNA_SAMPLE_1.placeholder_allele__96008200.Log.final.out",
                "hlapm/star_align/RNA_SAMPLE_1/placeholder_allele__96008200/RNA_SAMPLE_1.placeholder_allele__96008200.Log.out",
                "hlapm/star_align/RNA_SAMPLE_1/placeholder_allele__96008200/RNA_SAMPLE_1.placeholder_allele__96008200.Log.progress.out",
                "hlapm/star_align/RNA_SAMPLE_1/placeholder_allele__96008200/RNA_SAMPLE_1.placeholder_allele__96008200.ReadsPerGene.out.tab",
                "hlapm/star_align/RNA_SAMPLE_1/placeholder_allele__96008200/RNA_SAMPLE_1.placeholder_allele__96008200.SJ.out.tab",
                "hlapm/star_align/RNA_SAMPLE_1/placeholder_allele__96008200/RNA_SAMPLE_1.placeholder_allele__96008200.Signal.UniqueMultiple.str1.out.bg",
                "hlapm/star_align/RNA_SAMPLE_1/placeholder_allele__96008200/RNA_SAMPLE_1.placeholder_allele__96008200.Signal.UniqueMultiple.str1.out.wig",
                "hlapm/star_align/RNA_SAMPLE_1/placeholder_allele__96008200/RNA_SAMPLE_1.placeholder_allele__96008200.out.sam",
                "hlapm/star_align/RNA_SAMPLE_1/placeholder_allele__96008200/RNA_SAMPLE_1.placeholder_allele__96008200.queryname.bam",
                "hlapm/star_align/RNA_SAMPLE_1/placeholder_allele__96008200/RNA_SAMPLE_1.placeholder_allele__96008200.sortedByCoord.out.bam",
                "hlapm/star_align/RNA_SAMPLE_1/placeholder_allele__96008200/RNA_SAMPLE_1.placeholder_allele__96008200.tab",
                "hlapm/star_align/RNA_SAMPLE_1/placeholder_allele__96008200/RNA_SAMPLE_1.placeholder_allele__96008200.toTranscriptome.out.bam",
                "hlapm/star_align/RNA_SAMPLE_1/placeholder_allele__96008200/RNA_SAMPLE_1.placeholder_allele__96008200.unmapped_1.fastq.gz",
                "hlapm/star_align/RNA_SAMPLE_1/placeholder_allele__96008200/RNA_SAMPLE_1.placeholder_allele__96008200.unmapped_2.fastq.gz",
                "hlapm/star_align/RNA_SAMPLE_1/placeholder_allele__96008200/RNA_SAMPLE_1.placeholder_allele__96008200Xd.out.bam",
                "hlapm/star_align/rna_sample_alleles.csv",
                "hlapm/star_index",
                "hlapm/star_index/placeholder_allele__96008200",
                "hlapm/star_index/placeholder_allele__96008200/star",
                "hlapm/star_index/placeholder_allele__96008200/star/Genome",
                "hlapm/star_index/placeholder_allele__96008200/star/Log.out",
                "hlapm/star_index/placeholder_allele__96008200/star/SA",
                "hlapm/star_index/placeholder_allele__96008200/star/SAindex",
                "hlapm/star_index/placeholder_allele__96008200/star/chrLength.txt",
                "hlapm/star_index/placeholder_allele__96008200/star/chrName.txt",
                "hlapm/star_index/placeholder_allele__96008200/star/chrNameLength.txt",
                "hlapm/star_index/placeholder_allele__96008200/star/chrStart.txt",
                "hlapm/star_index/placeholder_allele__96008200/star/exonGeTrInfo.tab",
                "hlapm/star_index/placeholder_allele__96008200/star/exonInfo.tab",
                "hlapm/star_index/placeholder_allele__96008200/star/geneInfo.tab",
                "hlapm/star_index/placeholder_allele__96008200/star/genomeParameters.txt",
                "hlapm/star_index/placeholder_allele__96008200/star/sjdbInfo.txt",
                "hlapm/star_index/placeholder_allele__96008200/star/sjdbList.fromGTF.out.tab",
                "hlapm/star_index/placeholder_allele__96008200/star/sjdbList.out.tab",
                "hlapm/star_index/placeholder_allele__96008200/star/transcriptInfo.tab",
                "hlapm/star_index_targets",
                "hlapm/star_index_targets/sample_alleles.csv",
                "hlapm/star_index_targets/unique_alleles.csv",
                "pipeline_info",
                "pipeline_info/nf_core_hlarnaseq_software_versions.yml"
            ],
            [
                "hla_consensus.rna_wgs_hla_consensus.tsv:md5,f67bf27de8a0ee41ba0fa1fdbc96d484",
                "hla_consensus.rna_wgs_rna-hla_with_consensus.tsv:md5,c089d676b1273b0f9d90aa830cd97d36",
                "RNA_ONLY:RNA_SAMPLE_1.tsv:md5,a6b78fa301a1d94fa37f2d34a16a0ff2",
                "placeholder_allele.fa:md5,49ba555556ea9b079047b65cfbd0a949",
                "placeholder_allele.gtf:md5,4101a318bb0fbb342200389962b70b0c",
                "RNA_SAMPLE_1.HLA_gene_summary.tsv:md5,26bc2c323c75b88188d23903be23e6be",
                "RNA_SAMPLE_1.edit_distance.tsv:md5,0029298c43fb21e43e95f3095b1e2e81",
                "RNA_SAMPLE_1.stat.txt:md5,985a60982cfc3d9230571e50afacdd5f",
                "combined.gtf:md5,4101a318bb0fbb342200389962b70b0c",
                "RNA_SAMPLE_1.placeholder_allele__96008200.Aligned.sortedByCoord.out.bam:md5,d41d8cd98f00b204e9800998ecf8427e",
                "RNA_SAMPLE_1.placeholder_allele__96008200.Aligned.unsort.out.bam:md5,d41d8cd98f00b204e9800998ecf8427e",
                "RNA_SAMPLE_1.placeholder_allele__96008200.Chimeric.out.junction:md5,d41d8cd98f00b204e9800998ecf8427e",
                "RNA_SAMPLE_1.placeholder_allele__96008200.Log.final.out:md5,d41d8cd98f00b204e9800998ecf8427e",
                "RNA_SAMPLE_1.placeholder_allele__96008200.Log.out:md5,d41d8cd98f00b204e9800998ecf8427e",
                "RNA_SAMPLE_1.placeholder_allele__96008200.Log.progress.out:md5,d41d8cd98f00b204e9800998ecf8427e",
                "RNA_SAMPLE_1.placeholder_allele__96008200.ReadsPerGene.out.tab:md5,d41d8cd98f00b204e9800998ecf8427e",
                "RNA_SAMPLE_1.placeholder_allele__96008200.SJ.out.tab:md5,d41d8cd98f00b204e9800998ecf8427e",
                "RNA_SAMPLE_1.placeholder_allele__96008200.Signal.UniqueMultiple.str1.out.bg:md5,d41d8cd98f00b204e9800998ecf8427e",
                "RNA_SAMPLE_1.placeholder_allele__96008200.Signal.UniqueMultiple.str1.out.wig:md5,d41d8cd98f00b204e9800998ecf8427e",
                "RNA_SAMPLE_1.placeholder_allele__96008200.out.sam:md5,d41d8cd98f00b204e9800998ecf8427e",
                "RNA_SAMPLE_1.placeholder_allele__96008200.queryname.bam:md5,d41d8cd98f00b204e9800998ecf8427e",
                "RNA_SAMPLE_1.placeholder_allele__96008200.sortedByCoord.out.bam:md5,d41d8cd98f00b204e9800998ecf8427e",
                "RNA_SAMPLE_1.placeholder_allele__96008200.tab:md5,d41d8cd98f00b204e9800998ecf8427e",
                "RNA_SAMPLE_1.placeholder_allele__96008200.toTranscriptome.out.bam:md5,d41d8cd98f00b204e9800998ecf8427e",
                "RNA_SAMPLE_1.placeholder_allele__96008200.unmapped_1.fastq.gz:md5,68b329da9893e34099c7d8ad5cb9c940",
                "RNA_SAMPLE_1.placeholder_allele__96008200.unmapped_2.fastq.gz:md5,68b329da9893e34099c7d8ad5cb9c940",
                "RNA_SAMPLE_1.placeholder_allele__96008200Xd.out.bam:md5,d41d8cd98f00b204e9800998ecf8427e",
                "rna_sample_alleles.csv:md5,f6efbe4d2b0c01d843a5dca2e5dba8b5",
                "Genome:md5,d41d8cd98f00b204e9800998ecf8427e",
                "Log.out:md5,d41d8cd98f00b204e9800998ecf8427e",
                "SA:md5,d41d8cd98f00b204e9800998ecf8427e",
                "SAindex:md5,d41d8cd98f00b204e9800998ecf8427e",
                "chrLength.txt:md5,d41d8cd98f00b204e9800998ecf8427e",
                "chrName.txt:md5,d41d8cd98f00b204e9800998ecf8427e",
                "chrNameLength.txt:md5,d41d8cd98f00b204e9800998ecf8427e",
                "chrStart.txt:md5,d41d8cd98f00b204e9800998ecf8427e",
                "exonGeTrInfo.tab:md5,d41d8cd98f00b204e9800998ecf8427e",
                "exonInfo.tab:md5,d41d8cd98f00b204e9800998ecf8427e",
                "geneInfo.tab:md5,d41d8cd98f00b204e9800998ecf8427e",
                "genomeParameters.txt:md5,d41d8cd98f00b204e9800998ecf8427e",
                "sjdbInfo.txt:md5,d41d8cd98f00b204e9800998ecf8427e",
                "sjdbList.fromGTF.out.tab:md5,d41d8cd98f00b204e9800998ecf8427e",
                "sjdbList.out.tab:md5,d41d8cd98f00b204e9800998ecf8427e",
                "transcriptInfo.tab:md5,d41d8cd98f00b204e9800998ecf8427e",
                "sample_alleles.csv:md5,bb28fe7fc174294f0c209e361459b1e6",
                "unique_alleles.csv:md5,ddbd7d229db7edd91484fdd128609734"
            ]
        ],
        "timestamp": "2026-08-14T09:01:10.044671806",
        "meta": {
            "nf-test": "0.9.5",
            "nextflow": "26.04.4"
        }
    }
}