{
    "-profile test": {
        "content": [
            {
                "ARCASHLA_EXTRACT": {
                    "samtools": 1.24
                },
                "Workflow": {
                    "nf-core/hlarnaseq": "v1.0.0dev"
                }
            },
            [
                "arcashla",
                "arcashla/extracted",
                "arcashla/extracted/RNA_SAMPLE_1.mhc_1.fq.gz",
                "arcashla/extracted/RNA_SAMPLE_1.mhc_2.fq.gz",
                "pipeline_info",
                "pipeline_info/nf_core_hlarnaseq_software_versions.yml"
            ],
            [
                
            ]
        ],
        "timestamp": "2026-07-22T13:12:41.374984155",
        "meta": {
            "nf-test": "0.9.5",
            "nextflow": "26.04.4"
        }
    }
}
